name must only contain lettersSidhu123
cannot be empty
